2026-04-09 10:30:16,287 - __main__ - INFO - === БОТ ДЛЯ MAX — ИСПРАВЛЕННАЯ ВЕРСИЯ ===
2026-04-09 10:30:16,795 - __main__ - INFO - ✅ maxapi успешно импортирован
2026-04-09 10:30:16,797 - __main__ - INFO - Запуск polling...
2026-04-09 10:30:16,870 - dispatcher - INFO - Бот: @id6685157265_bot first_name=Бюро пропусков id=232918288
2026-04-09 10:30:16,870 - dispatcher - INFO - Зарегистрировано 3 обработчиков событий
2026-04-09 10:30:20,501 - dispatcher - INFO - Обработано: router_id: 0 | UpdateType.MESSAGE_CREATED | chat_id: 73638969, user_id: 159492393
2026-04-09 10:30:24,783 - dispatcher - INFO - Обработано: router_id: 0 | UpdateType.MESSAGE_CREATED | chat_id: 73638969, user_id: 159492393
2026-04-09 10:30:35,050 - dispatcher - INFO - Обработано: router_id: 0 | UpdateType.MESSAGE_CREATED | chat_id: 73638969, user_id: 159492393
2026-04-09 10:30:46,648 - dispatcher - INFO - Обработано: router_id: 0 | UpdateType.MESSAGE_CREATED | chat_id: 73638969, user_id: 159492393
2026-04-09 10:35:04,694 - __main__ - INFO - === БОТ ДЛЯ MAX — ФИНАЛЬНАЯ РАБОЧАЯ ВЕРСИЯ ===
2026-04-09 10:35:05,210 - __main__ - INFO - ✅ maxapi успешно импортирован
2026-04-09 10:35:05,211 - __main__ - INFO - Запуск polling...
2026-04-09 10:35:05,294 - dispatcher - INFO - Бот: @id6685157265_bot first_name=Бюро пропусков id=232918288
2026-04-09 10:35:05,294 - dispatcher - INFO - Зарегистрировано 3 обработчиков событий
2026-04-09 10:35:10,402 - dispatcher - INFO - Обработано: router_id: 0 | UpdateType.MESSAGE_CREATED | chat_id: 73638969, user_id: 159492393
2026-04-09 10:35:13,057 - __main__ - INFO - Получен текст: '1'
2026-04-09 10:35:13,152 - dispatcher - INFO - Обработано: router_id: 0 | UpdateType.MESSAGE_CREATED | chat_id: 73638969, user_id: 159492393
2026-04-09 10:35:20,341 - __main__ - INFO - Получен текст: 'Р654рп666'
2026-04-09 10:35:20,414 - dispatcher - INFO - Обработано: router_id: 0 | UpdateType.MESSAGE_CREATED | chat_id: 73638969, user_id: 159492393
2026-04-09 10:38:34,445 - __main__ - INFO - === БОТ ДЛЯ MAX — ФИНАЛЬНАЯ ВЕРСИЯ С УЛУЧШЕННОЙ ВАЛИДАЦИЕЙ ===
2026-04-09 10:38:34,953 - __main__ - INFO - ✅ maxapi успешно импортирован
2026-04-09 10:38:34,955 - __main__ - INFO - Запуск polling...
2026-04-09 10:38:35,030 - dispatcher - INFO - Бот: @id6685157265_bot first_name=Бюро пропусков id=232918288
2026-04-09 10:38:35,031 - dispatcher - INFO - Зарегистрировано 3 обработчиков событий
2026-04-09 10:38:41,039 - dispatcher - INFO - Обработано: router_id: 0 | UpdateType.MESSAGE_CREATED | chat_id: 73638969, user_id: 159492393
2026-04-09 10:38:44,151 - __main__ - INFO - Получен текст: '1'
2026-04-09 10:38:44,224 - dispatcher - INFO - Обработано: router_id: 0 | UpdateType.MESSAGE_CREATED | chat_id: 73638969, user_id: 159492393
2026-04-09 10:38:54,097 - __main__ - INFO - Получен текст: 'Р555рр777'
2026-04-09 10:38:54,603 - exchangelib.autodiscover.discovery - INFO - Step 5: Checking response
2026-04-09 10:38:59,102 - __main__ - INFO - ✅ Письмо отправлено для Р555РР777 (на s.volkov@caterinburg.ru)
2026-04-09 10:39:01,152 - dispatcher - INFO - Обработано: router_id: 0 | UpdateType.MESSAGE_CREATED | chat_id: 73638969, user_id: 159492393
2026-04-09 10:42:13,099 - __main__ - INFO - === БОТ ДЛЯ MAX — ФИНАЛЬНАЯ ВЕРСИЯ С УЛУЧШЕННОЙ ВАЛИДАЦИЕЙ ===
2026-04-09 10:42:13,581 - __main__ - INFO - ✅ maxapi успешно импортирован
2026-04-09 10:42:13,583 - __main__ - INFO - Запуск polling...
2026-04-09 10:42:13,667 - dispatcher - INFO - Бот: @id6685157265_bot first_name=Бюро пропусков id=232918288
2026-04-09 10:42:13,668 - dispatcher - INFO - Зарегистрировано 3 обработчиков событий
2026-04-09 10:42:24,111 - dispatcher - INFO - Обработано: router_id: 0 | UpdateType.MESSAGE_CREATED | chat_id: 73638969, user_id: 159492393
2026-04-09 10:42:27,073 - __main__ - INFO - Получен текст: '1'
2026-04-09 10:42:27,138 - dispatcher - INFO - Обработано: router_id: 0 | UpdateType.MESSAGE_CREATED | chat_id: 73638969, user_id: 159492393
2026-04-09 10:42:29,215 - __main__ - INFO - Получен текст: 'Р555рр777'
2026-04-09 10:42:29,747 - exchangelib.autodiscover.discovery - INFO - Step 5: Checking response
2026-04-09 10:42:31,912 - __main__ - INFO - ✅ Письмо отправлено для Р555РР777 (на s.volkov@caterinburg.ru)
2026-04-09 10:42:33,172 - dispatcher - INFO - Обработано: router_id: 0 | UpdateType.MESSAGE_CREATED | chat_id: 73638969, user_id: 159492393
2026-04-09 10:42:48,733 - __main__ - INFO - Получен текст: '2'
2026-04-09 10:42:48,812 - dispatcher - INFO - Обработано: router_id: 0 | UpdateType.MESSAGE_CREATED | chat_id: 73638969, user_id: 159492393
2026-04-09 10:42:54,145 - __main__ - INFO - Получен текст: 'Р555рр777'
2026-04-09 10:42:54,463 - exchangelib.autodiscover.discovery - INFO - Step 5: Checking response
2026-04-09 10:42:55,313 - __main__ - INFO - ✅ Письмо отправлено для Р555РР777 (на s.volkov@caterinburg.ru)
2026-04-09 10:42:56,287 - dispatcher - INFO - Обработано: router_id: 0 | UpdateType.MESSAGE_CREATED | chat_id: 73638969, user_id: 159492393
2026-04-09 10:43:02,451 - __main__ - INFO - Получен текст: '3'
2026-04-09 10:43:02,519 - dispatcher - INFO - Обработано: router_id: 0 | UpdateType.MESSAGE_CREATED | chat_id: 73638969, user_id: 159492393
2026-04-09 10:43:06,918 - __main__ - INFO - Получен текст: 'Р555рр777'
2026-04-09 10:43:07,962 - exchangelib.autodiscover.discovery - INFO - Step 5: Checking response
2026-04-09 10:43:08,858 - __main__ - INFO - ✅ Письмо отправлено для Р555РР777 (на s.volkov@caterinburg.ru)
2026-04-09 10:43:09,969 - dispatcher - INFO - Обработано: router_id: 0 | UpdateType.MESSAGE_CREATED | chat_id: 73638969, user_id: 159492393
2026-04-09 10:44:07,149 - dispatcher - INFO - Обработано: router_id: 0 | UpdateType.BOT_STARTED | chat_id: 209648629, user_id: 27064037
2026-04-09 10:44:12,518 - dispatcher - INFO - Обработано: router_id: 0 | UpdateType.MESSAGE_CREATED | chat_id: 209648629, user_id: 27064037
2026-04-09 10:44:19,283 - __main__ - INFO - Получен текст: '1'
2026-04-09 10:44:19,401 - dispatcher - INFO - Обработано: router_id: 0 | UpdateType.MESSAGE_CREATED | chat_id: 209648629, user_id: 27064037
2026-04-09 10:44:36,050 - __main__ - INFO - Получен текст: '571'
2026-04-09 10:44:36,050 - __main__ - WARNING - Не прошёл валидацию: original='571', cleaned='571'
2026-04-09 10:44:36,178 - dispatcher - INFO - Обработано: router_id: 0 | UpdateType.MESSAGE_CREATED | chat_id: 209648629, user_id: 27064037
2026-04-09 10:44:56,142 - __main__ - INFO - Получен текст: 'Х571вх763'
2026-04-09 10:44:56,491 - exchangelib.autodiscover.discovery - INFO - Step 5: Checking response
2026-04-09 10:44:58,434 - __main__ - INFO - ✅ Письмо отправлено для Х571ВХ763 (на s.volkov@caterinburg.ru)
2026-04-09 10:44:59,439 - dispatcher - INFO - Обработано: router_id: 0 | UpdateType.MESSAGE_CREATED | chat_id: 209648629, user_id: 27064037
2026-04-09 10:49:27,791 - __main__ - INFO - === БОТ ДЛЯ MAX — ФИНАЛЬНАЯ ВЕРСИЯ С УЛУЧШЕННОЙ ВАЛИДАЦИЕЙ ===
2026-04-09 10:49:28,276 - __main__ - INFO - ✅ maxapi успешно импортирован
2026-04-09 10:49:28,277 - __main__ - INFO - Запуск polling...
2026-04-09 10:49:28,382 - dispatcher - INFO - Бот: @id6685157265_bot first_name=Бюро пропусков id=232918288
2026-04-09 10:49:28,382 - dispatcher - INFO - Зарегистрировано 3 обработчиков событий
2026-04-09 10:49:35,728 - __main__ - INFO - Получен текст: '1'
2026-04-09 10:49:35,830 - dispatcher - INFO - Обработано: router_id: 0 | UpdateType.MESSAGE_CREATED | chat_id: 73638969, user_id: 159492393
2026-04-09 10:49:41,966 - __main__ - INFO - Получен текст: 'https://max.ru/id6685157265_bot'
2026-04-09 10:49:41,967 - __main__ - WARNING - Не прошёл валидацию: original='https://max.ru/id6685157265_bot', cleaned='HTTPS://MAX.RU/ID6685157265_BOT'
2026-04-09 10:49:41,967 - __main__ - WARNING - Недопустимые символы: {'_', 'U', 'X', 'A', 'O', 'H', 'R', 'M', ':', 'S', 'T', '.', 'P', 'I', '/', 'D', 'B'}
2026-04-09 10:49:42,029 - dispatcher - INFO - Обработано: router_id: 0 | UpdateType.MESSAGE_CREATED | chat_id: 73638969, user_id: 159492393
2026-04-09 10:49:49,874 - __main__ - INFO - Получен текст: 'Р555рр777'
2026-04-09 10:49:52,797 - exchangelib.autodiscover.discovery - INFO - Step 5: Checking response
2026-04-09 10:49:55,136 - __main__ - INFO - ✅ Письмо отправлено для Р555РР777 (на s.volkov@caterinburg.ru)
2026-04-09 10:49:56,179 - dispatcher - INFO - Обработано: router_id: 0 | UpdateType.MESSAGE_CREATED | chat_id: 73638969, user_id: 159492393
2026-04-09 10:51:21,319 - __main__ - INFO - === БОТ ДЛЯ MAX — ФИНАЛЬНАЯ ВЕРСИЯ С УЛУЧШЕННОЙ ВАЛИДАЦИЕЙ ===
2026-04-09 10:51:21,920 - __main__ - INFO - ✅ maxapi успешно импортирован
2026-04-09 10:51:21,921 - __main__ - INFO - Запуск polling...
2026-04-09 10:51:22,012 - dispatcher - INFO - Бот: @id6685157265_bot first_name=Бюро пропусков id=232918288
2026-04-09 10:51:22,012 - dispatcher - INFO - Зарегистрировано 3 обработчиков событий
2026-04-09 10:51:42,173 - __main__ - INFO - Получен текст: '1'
2026-04-09 10:51:42,319 - dispatcher - INFO - Обработано: router_id: 0 | UpdateType.MESSAGE_CREATED | chat_id: 73638969, user_id: 159492393
2026-04-09 10:51:45,496 - __main__ - INFO - Получен текст: 'Р555рр777'
2026-04-09 10:51:46,029 - exchangelib.autodiscover.discovery - INFO - Step 5: Checking response
2026-04-09 10:51:48,372 - __main__ - INFO - ✅ Письмо отправлено для Р555РР777 (на s.volkov@caterinburg.ru)
2026-04-09 10:51:49,648 - dispatcher - INFO - Обработано: router_id: 0 | UpdateType.MESSAGE_CREATED | chat_id: 73638969, user_id: 159492393
2026-04-09 10:53:05,318 - __main__ - INFO - Получен текст: '2'
2026-04-09 10:53:05,386 - dispatcher - INFO - Обработано: router_id: 0 | UpdateType.MESSAGE_CREATED | chat_id: 73638969, user_id: 159492393
2026-04-09 10:53:08,602 - __main__ - INFO - Получен текст: 'Р555рр777'
2026-04-09 10:53:08,922 - exchangelib.autodiscover.discovery - INFO - Step 5: Checking response
2026-04-09 10:53:10,618 - __main__ - INFO - ✅ Письмо отправлено для Р555РР777 (на s.volkov@caterinburg.ru)
2026-04-09 10:53:11,620 - dispatcher - INFO - Обработано: router_id: 0 | UpdateType.MESSAGE_CREATED | chat_id: 73638969, user_id: 159492393
2026-04-09 10:53:23,827 - __main__ - INFO - Получен текст: '3'
2026-04-09 10:53:23,894 - dispatcher - INFO - Обработано: router_id: 0 | UpdateType.MESSAGE_CREATED | chat_id: 73638969, user_id: 159492393
2026-04-09 10:53:27,538 - __main__ - INFO - Получен текст: 'Р555рр777'
2026-04-09 10:53:27,856 - exchangelib.autodiscover.discovery - INFO - Step 5: Checking response
2026-04-09 10:53:28,723 - __main__ - INFO - ✅ Письмо отправлено для Р555РР777 (на s.volkov@caterinburg.ru)
2026-04-09 10:53:30,511 - dispatcher - INFO - Обработано: router_id: 0 | UpdateType.MESSAGE_CREATED | chat_id: 73638969, user_id: 159492393
2026-04-09 11:00:20,756 - __main__ - INFO - === БОТ ДЛЯ MAX — ФИНАЛЬНАЯ ВЕРСИЯ С УЛУЧШЕННОЙ ВАЛИДАЦИЕЙ ===
2026-04-09 11:00:21,263 - __main__ - INFO - ✅ maxapi успешно импортирован
2026-04-09 11:00:21,264 - __main__ - INFO - Запуск polling...
2026-04-09 11:00:21,333 - dispatcher - INFO - Бот: @id6685157265_bot first_name=Бюро пропусков id=232918288
2026-04-09 11:00:21,333 - dispatcher - INFO - Зарегистрировано 3 обработчиков событий
2026-04-09 11:00:26,067 - __main__ - INFO - Получен текст: '1'
2026-04-09 11:00:26,132 - dispatcher - INFO - Обработано: router_id: 0 | UpdateType.MESSAGE_CREATED | chat_id: 73638969, user_id: 159492393
2026-04-09 11:00:29,604 - __main__ - INFO - Получен текст: 'Р555рр777'
2026-04-09 11:00:30,211 - exchangelib.autodiscover.discovery - INFO - Step 5: Checking response
2026-04-09 11:00:33,700 - __main__ - INFO - ✅ Письмо отправлено для Р555РР777 (на s.volkov@caterinburg.ru)
2026-04-09 11:00:34,856 - dispatcher - INFO - Обработано: router_id: 0 | UpdateType.MESSAGE_CREATED | chat_id: 73638969, user_id: 159492393
2026-04-09 11:13:02,775 - __main__ - INFO - === БОТ ДЛЯ MAX — ФИНАЛЬНАЯ ВЕРСИЯ С УЛУЧШЕННОЙ ВАЛИДАЦИЕЙ ===
2026-04-09 11:13:03,251 - __main__ - INFO - ✅ maxapi успешно импортирован
2026-04-09 11:13:03,253 - __main__ - INFO - Запуск polling...
2026-04-09 11:13:04,454 - dispatcher - INFO - Бот: @id6685157265_bot first_name=Бюро пропусков id=232918288
2026-04-09 11:13:04,455 - dispatcher - INFO - Зарегистрировано 3 обработчиков событий
2026-04-09 11:14:47,924 - __main__ - INFO - Получен текст: '1'
2026-04-09 11:14:48,009 - dispatcher - INFO - Обработано: router_id: 0 | UpdateType.MESSAGE_CREATED | chat_id: 73638969, user_id: 159492393
2026-04-09 11:14:52,097 - __main__ - INFO - Получен текст: 'Р555рр777'
2026-04-09 11:14:52,620 - exchangelib.autodiscover.discovery - INFO - Step 5: Checking response
2026-04-09 11:14:54,984 - __main__ - INFO - ✅ Письмо отправлено для Р555РР777 (на s.volkov@caterinburg.ru)
2026-04-09 11:14:55,962 - dispatcher - INFO - Обработано: router_id: 0 | UpdateType.MESSAGE_CREATED | chat_id: 73638969, user_id: 159492393
2026-04-09 11:16:20,194 - __main__ - INFO - === БОТ ДЛЯ MAX — ФИНАЛЬНАЯ ВЕРСИЯ С УЛУЧШЕННОЙ ВАЛИДАЦИЕЙ ===
2026-04-09 11:16:20,673 - __main__ - INFO - ✅ maxapi успешно импортирован
2026-04-09 11:16:20,674 - __main__ - INFO - Запуск polling...
2026-04-09 11:16:21,766 - dispatcher - INFO - Бот: @id6685157265_bot first_name=Бюро пропусков id=232918288
2026-04-09 11:16:21,767 - dispatcher - INFO - Зарегистрировано 3 обработчиков событий
2026-04-09 11:16:23,583 - __main__ - INFO - Получен текст: '2'
2026-04-09 11:16:23,670 - dispatcher - INFO - Обработано: router_id: 0 | UpdateType.MESSAGE_CREATED | chat_id: 73638969, user_id: 159492393
2026-04-09 11:16:28,070 - __main__ - INFO - Получен текст: 'Р555рр777'
2026-04-09 11:16:28,666 - exchangelib.autodiscover.discovery - INFO - Step 5: Checking response
2026-04-09 11:16:28,667 - __main__ - ERROR - Ошибка email: name 'SIGNATURE' is not defined
2026-04-09 11:16:28,732 - dispatcher - INFO - Обработано: router_id: 0 | UpdateType.MESSAGE_CREATED | chat_id: 73638969, user_id: 159492393
2026-04-09 11:18:19,500 - __main__ - INFO - === БОТ ДЛЯ MAX — ФИНАЛЬНАЯ ВЕРСИЯ С УЛУЧШЕННОЙ ВАЛИДАЦИЕЙ ===
2026-04-09 11:18:19,979 - __main__ - INFO - ✅ maxapi успешно импортирован
2026-04-09 11:18:19,981 - __main__ - INFO - Запуск polling...
2026-04-09 11:18:20,655 - dispatcher - INFO - Бот: @id6685157265_bot first_name=Бюро пропусков id=232918288
2026-04-09 11:18:20,656 - dispatcher - INFO - Зарегистрировано 3 обработчиков событий
2026-04-09 11:18:24,991 - __main__ - INFO - Получен текст: '1'
2026-04-09 11:18:25,133 - dispatcher - INFO - Обработано: router_id: 0 | UpdateType.MESSAGE_CREATED | chat_id: 73638969, user_id: 159492393
2026-04-09 11:18:28,713 - __main__ - INFO - Получен текст: 'Р555рр777'
2026-04-09 11:18:29,471 - exchangelib.autodiscover.discovery - INFO - Step 5: Checking response
2026-04-09 11:18:32,166 - __main__ - INFO - ✅ Письмо отправлено для Р555РР777 (на s.volkov@caterinburg.ru)
2026-04-09 11:18:33,235 - dispatcher - INFO - Обработано: router_id: 0 | UpdateType.MESSAGE_CREATED | chat_id: 73638969, user_id: 159492393
